acccheckconsole.exe
addinutil.exe
adplus.exe
agentexecutor.exe
appcert.exe
appinstaller.exe
appvlp.exe
aspnet_compiler.exe
at.exe
atbroker.exe
bash.exe
bginfo.exe
bitsadmin.exe
cdb.exe
certoc.exe
certreq.exe
certutil.exe
cmd.exe
cmdkey.exe
cmdl32.exe
cmstp.exe
colorcpl.exe
computerdefaults.exe
configsecuritypolicy.exe
conhost.exe
control.exe
coregen.exe
createdump.exe
csc.exe
cscript.exe
csi.exe
curl.exe
customshellhost.exe
datasvcutil.exe
defaultpack.exe
desktopimgdownldr.exe
devicecredentialdeployment.exe
devinit.exe
devtoolslauncher.exe
devtunnel.exe
dfsvc.exe
diantz.exe
diskshadow.exe
dnscmd.exe
dnx.exe
dotnet.exe
dsdbutil.exe
dtutil.exe
dump64.exe
dumpminitool.exe
dxcap.exe
esentutl.exe
eventvwr.exe
expand.exe
explorer.exe
extexport.exe
extrac32.exe
findstr.exe
finger.exe
fltmc.exe
forfiles.exe
fsi.exe
fsianycpu.exe
fsutil.exe
ftp.exe
gpscript.exe
hh.exe
ie4uinit.exe
iediagcmd.exe
ieexec.exe
ilasm.exe
imewdbld.exe
infdefaultinstall.exe
installutil.exe
jsc.exe
ldifde.exe
makecab.exe
mavinject.exe
mftrace.exe
microsoft.nodejstools.pressanykey.exe
microsoft.workflow.compiler.exe
mmc.exe
mpcmdrun.exe
msaccess.exe
msbuild.exe
msconfig.exe
msdeploy.exe
msdt.exe
msedge_proxy.exe
mshta.exe
msiexec.exe
msohtmed.exe
msxsl.exe
netsh.exe
ngen.exe
ntdsutil.exe
odbcconf.exe
offlinescannershell.exe
onedrivestandaloneupdater.exe
openconsole.exe
pcalua.exe
pcwrun.exe
pktmon.exe
pnputil.exe
presentationhost.exe
print.exe
printbrm.exe
procdump.exe
provlaunch.exe
psr.exe
rasautou.exe
rcsi.exe
rdrleakdiag.exe
reg.exe
regasm.exe
regedit.exe
regini.exe
register-cimprovider.exe
regsvcs.exe
regsvr32.exe
remote.exe
replace.exe
rpcping.exe
rundll32.exe
runexehelper.exe
runonce.exe
runscripthelper.exe
sc.exe
schtasks.exe
scriptrunner.exe
setres.exe
settingsynchost.exe
sqldumper.exe
sqlps.exe
sqltoolsps.exe
squirrel.exe
ssh.exe
stordiag.exe
syncappvpublishingserver.exe
tar.exe
te.exe
testwindowremoteagent.exe
tracker.exe
ttdinject.exe
tttracer.exe
unregmp2.exe
update.exe
vbc.exe
verclsid.exe
visualuiaverifynative.exe
vsdiagnostics.exe
vshadow.exe
vsiisexelauncher.exe
vsjitdebugger.exe
vslaunchbrowser.exe
vsls-agent.exe
vstest.console.exe
wab.exe
wbadmin.exe
wfc.exe
winfile.exe
winget.exe
winproj.exe
wlrmdr.exe
wmic.exe
workfolders.exe
wscript.exe
wsl.exe
wsreset.exe
wt.exe
wuauclt.exe
xsd.exe
xwizard.exe
